// Jest Snapshot v1, https://goo.gl/fbAQLP

exports[`Home Component Shows at least one image li 1`] = `<li />`;
