// Jest Snapshot v1, https://goo.gl/fbAQLP

exports[`Map Component Renders Map component should render 1`] = `
<section
  style={
    Object {
      "height": "100vh",
      "width": "100%",
    }
  }
/>
`;
