// Jest Snapshot v1, https://goo.gl/fbAQLP

exports[`Map Component should render markers MapMarkers are rendering onto the map 1`] = `
<div
  className="hammer"
/>
`;
